Admin logged in. Token: Missing
node : Login failed: 
{
At line:1 char:1
+ node test_admin_das
hboard.js > 
test_output.txt 2>&1
+ ~~~~~~~~~~~~~~~~~~~
~~~~~~~~~~~~~~~~~~~~~
~~~~~~~~~~~
    + CategoryInfo   
           : NotSpe  
  cified: (Login f   
 ailed: {:String)    
 [], RemoteExcep    
tion
    + FullyQualified 
   ErrorId : Native  
  CommandError
 
  message: 'Logged 
in successfully',
  user: {
    id: '1c6bf5fb-57c
f-4146-a9e6-7fab50920
7c7',
    name: 'System 
Admin',
    email: 
'admin@inspire.com',
    role: 'admin'
  }
}
